<?xml version="1.0" encoding="ISO-8859-1" ?>
<link_info>
   <banner>TMS320C2000 Linker PC v20.2.1.LTS</banner>
   <copyright>Copyright (c) 1996-2018 Texas Instruments Incorporated</copyright>
   <link_time>0x60858eed</link_time>
   <link_errors>0x0</link_errors>
   <output_file>Lab9.out</output_file>
   <entry_point>
      <name>_c_int00</name>
      <address>0x942b</address>
   </entry_point>
   <input_file_list>
      <input_file id="fl-2">
         <path>.\</path>
         <kind>object</kind>
         <file>AIC23.obj</file>
         <name>AIC23.obj</name>
      </input_file>
      <input_file id="fl-3">
         <path>.\</path>
         <kind>object</kind>
         <file>FinalProject.obj</file>
         <name>FinalProject.obj</name>
      </input_file>
      <input_file id="fl-4">
         <path>.\</path>
         <kind>object</kind>
         <file>LCD_Header.obj</file>
         <name>LCD_Header.obj</name>
      </input_file>
      <input_file id="fl-5">
         <path>.\</path>
         <kind>object</kind>
         <file>OneToOneI2CDriver.obj</file>
         <name>OneToOneI2CDriver.obj</name>
      </input_file>
      <input_file id="fl-6">
         <path>.\</path>
         <kind>object</kind>
         <file>SRAM.obj</file>
         <name>SRAM.obj</name>
      </input_file>
      <input_file id="fl-7">
         <path>.\</path>
         <kind>object</kind>
         <file>device.obj</file>
         <name>device.obj</name>
      </input_file>
      <input_file id="fl-8">
         <path>.\</path>
         <kind>object</kind>
         <file>gpio.obj</file>
         <name>gpio.obj</name>
      </input_file>
      <input_file id="fl-9">
         <path>.\</path>
         <kind>object</kind>
         <file>interrupt.obj</file>
         <name>interrupt.obj</name>
      </input_file>
      <input_file id="fl-a">
         <path>.\</path>
         <kind>object</kind>
         <file>sci.obj</file>
         <name>sci.obj</name>
      </input_file>
      <input_file id="fl-b">
         <path>.\</path>
         <kind>object</kind>
         <file>sysctl.obj</file>
         <name>sysctl.obj</name>
      </input_file>
      <input_file id="fl-c">
         <path>.\Common\</path>
         <kind>object</kind>
         <file>F2837xD_Adc.obj</file>
         <name>F2837xD_Adc.obj</name>
      </input_file>
      <input_file id="fl-d">
         <path>.\Common\</path>
         <kind>object</kind>
         <file>F2837xD_CodeStartBranch.obj</file>
         <name>F2837xD_CodeStartBranch.obj</name>
      </input_file>
      <input_file id="fl-e">
         <path>.\Common\</path>
         <kind>object</kind>
         <file>F2837xD_CpuTimers.obj</file>
         <name>F2837xD_CpuTimers.obj</name>
      </input_file>
      <input_file id="fl-f">
         <path>.\Common\</path>
         <kind>object</kind>
         <file>F2837xD_DBGIER.obj</file>
         <name>F2837xD_DBGIER.obj</name>
      </input_file>
      <input_file id="fl-10">
         <path>.\Common\</path>
         <kind>object</kind>
         <file>F2837xD_DefaultISR.obj</file>
         <name>F2837xD_DefaultISR.obj</name>
      </input_file>
      <input_file id="fl-11">
         <path>.\Common\</path>
         <kind>object</kind>
         <file>F2837xD_Dma.obj</file>
         <name>F2837xD_Dma.obj</name>
      </input_file>
      <input_file id="fl-12">
         <path>.\Common\</path>
         <kind>object</kind>
         <file>F2837xD_ECap.obj</file>
         <name>F2837xD_ECap.obj</name>
      </input_file>
      <input_file id="fl-13">
         <path>.\Common\</path>
         <kind>object</kind>
         <file>F2837xD_EPwm.obj</file>
         <name>F2837xD_EPwm.obj</name>
      </input_file>
      <input_file id="fl-14">
         <path>.\Common\</path>
         <kind>object</kind>
         <file>F2837xD_EQep.obj</file>
         <name>F2837xD_EQep.obj</name>
      </input_file>
      <input_file id="fl-15">
         <path>.\Common\</path>
         <kind>object</kind>
         <file>F2837xD_Emif.obj</file>
         <name>F2837xD_Emif.obj</name>
      </input_file>
      <input_file id="fl-16">
         <path>.\Common\</path>
         <kind>object</kind>
         <file>F2837xD_Gpio.obj</file>
         <name>F2837xD_Gpio.obj</name>
      </input_file>
      <input_file id="fl-17">
         <path>.\Common\</path>
         <kind>object</kind>
         <file>F2837xD_I2C.obj</file>
         <name>F2837xD_I2C.obj</name>
      </input_file>
      <input_file id="fl-18">
         <path>.\Common\</path>
         <kind>object</kind>
         <file>F2837xD_Ipc.obj</file>
         <name>F2837xD_Ipc.obj</name>
      </input_file>
      <input_file id="fl-19">
         <path>.\Common\</path>
         <kind>object</kind>
         <file>F2837xD_Ipc_Driver.obj</file>
         <name>F2837xD_Ipc_Driver.obj</name>
      </input_file>
      <input_file id="fl-1a">
         <path>.\Common\</path>
         <kind>object</kind>
         <file>F2837xD_Ipc_Driver_Lite.obj</file>
         <name>F2837xD_Ipc_Driver_Lite.obj</name>
      </input_file>
      <input_file id="fl-1b">
         <path>.\Common\</path>
         <kind>object</kind>
         <file>F2837xD_Ipc_Driver_Util.obj</file>
         <name>F2837xD_Ipc_Driver_Util.obj</name>
      </input_file>
      <input_file id="fl-1c">
         <path>.\Common\</path>
         <kind>object</kind>
         <file>F2837xD_Mcbsp.obj</file>
         <name>F2837xD_Mcbsp.obj</name>
      </input_file>
      <input_file id="fl-1d">
         <path>.\Common\</path>
         <kind>object</kind>
         <file>F2837xD_PieCtrl.obj</file>
         <name>F2837xD_PieCtrl.obj</name>
      </input_file>
      <input_file id="fl-1e">
         <path>.\Common\</path>
         <kind>object</kind>
         <file>F2837xD_PieVect.obj</file>
         <name>F2837xD_PieVect.obj</name>
      </input_file>
      <input_file id="fl-1f">
         <path>.\Common\</path>
         <kind>object</kind>
         <file>F2837xD_Sci.obj</file>
         <name>F2837xD_Sci.obj</name>
      </input_file>
      <input_file id="fl-20">
         <path>.\Common\</path>
         <kind>object</kind>
         <file>F2837xD_Spi.obj</file>
         <name>F2837xD_Spi.obj</name>
      </input_file>
      <input_file id="fl-21">
         <path>.\Common\</path>
         <kind>object</kind>
         <file>F2837xD_SysCtrl.obj</file>
         <name>F2837xD_SysCtrl.obj</name>
      </input_file>
      <input_file id="fl-22">
         <path>.\Common\</path>
         <kind>object</kind>
         <file>F2837xD_TempSensorConv.obj</file>
         <name>F2837xD_TempSensorConv.obj</name>
      </input_file>
      <input_file id="fl-23">
         <path>.\Common\</path>
         <kind>object</kind>
         <file>F2837xD_Upp.obj</file>
         <name>F2837xD_Upp.obj</name>
      </input_file>
      <input_file id="fl-24">
         <path>.\Common\</path>
         <kind>object</kind>
         <file>F2837xD_can.obj</file>
         <name>F2837xD_can.obj</name>
      </input_file>
      <input_file id="fl-25">
         <path>.\Common\</path>
         <kind>object</kind>
         <file>F2837xD_sci_io.obj</file>
         <name>F2837xD_sci_io.obj</name>
      </input_file>
      <input_file id="fl-26">
         <path>.\Common\</path>
         <kind>object</kind>
         <file>F2837xD_sdfm_drivers.obj</file>
         <name>F2837xD_sdfm_drivers.obj</name>
      </input_file>
      <input_file id="fl-27">
         <path>.\Common\</path>
         <kind>object</kind>
         <file>F2837xD_struct.obj</file>
         <name>F2837xD_struct.obj</name>
      </input_file>
      <input_file id="fl-28">
         <path>.\Common\</path>
         <kind>object</kind>
         <file>F2837xD_usDelay.obj</file>
         <name>F2837xD_usDelay.obj</name>
      </input_file>
      <input_file id="fl-29">
         <path>.\Header\</path>
         <kind>object</kind>
         <file>F2837xD_GlobalVariableDefs.obj</file>
         <name>F2837xD_GlobalVariableDefs.obj</name>
      </input_file>
      <input_file id="fl-2e">
         <kind>object</kind>
         <file>&lt;internal&gt;</file>
         <name>&lt;internal&gt;</name>
      </input_file>
      <input_file id="fl-3a">
         <path>A:\Install stuff in here\ti\ccs\tools\compiler\ti-cgt-c2000_20.2.1.LTS\lib\</path>
         <kind>archive</kind>
         <file>rts2800_fpu32.lib</file>
         <name>boot28.asm.obj</name>
      </input_file>
      <input_file id="fl-3b">
         <path>A:\Install stuff in here\ti\ccs\tools\compiler\ti-cgt-c2000_20.2.1.LTS\lib\</path>
         <kind>archive</kind>
         <file>rts2800_fpu32.lib</file>
         <name>fs_div28.asm.obj</name>
      </input_file>
      <input_file id="fl-3c">
         <path>A:\Install stuff in here\ti\ccs\tools\compiler\ti-cgt-c2000_20.2.1.LTS\lib\</path>
         <kind>archive</kind>
         <file>rts2800_fpu32.lib</file>
         <name>ll_aox28.asm.obj</name>
      </input_file>
      <input_file id="fl-3d">
         <path>A:\Install stuff in here\ti\ccs\tools\compiler\ti-cgt-c2000_20.2.1.LTS\lib\</path>
         <kind>archive</kind>
         <file>rts2800_fpu32.lib</file>
         <name>cpy_tbl.c.obj</name>
      </input_file>
      <input_file id="fl-3e">
         <path>A:\Install stuff in here\ti\ccs\tools\compiler\ti-cgt-c2000_20.2.1.LTS\lib\</path>
         <kind>archive</kind>
         <file>rts2800_fpu32.lib</file>
         <name>memcpy.c.obj</name>
      </input_file>
      <input_file id="fl-3f">
         <path>A:\Install stuff in here\ti\ccs\tools\compiler\ti-cgt-c2000_20.2.1.LTS\lib\</path>
         <kind>archive</kind>
         <file>rts2800_fpu32.lib</file>
         <name>pre_init.c.obj</name>
      </input_file>
      <input_file id="fl-40">
         <path>A:\Install stuff in here\ti\ccs\tools\compiler\ti-cgt-c2000_20.2.1.LTS\lib\</path>
         <kind>archive</kind>
         <file>rts2800_fpu32.lib</file>
         <name>startup.c.obj</name>
      </input_file>
      <input_file id="fl-41">
         <path>A:\Install stuff in here\ti\ccs\tools\compiler\ti-cgt-c2000_20.2.1.LTS\lib\</path>
         <kind>archive</kind>
         <file>rts2800_fpu32.lib</file>
         <name>exit.c.obj</name>
      </input_file>
      <input_file id="fl-42">
         <path>A:\Install stuff in here\ti\ccs\tools\compiler\ti-cgt-c2000_20.2.1.LTS\lib\</path>
         <kind>archive</kind>
         <file>rts2800_fpu32.lib</file>
         <name>_lock.c.obj</name>
      </input_file>
      <input_file id="fl-43">
         <path>A:\Install stuff in here\ti\ccs\tools\compiler\ti-cgt-c2000_20.2.1.LTS\lib\</path>
         <kind>archive</kind>
         <file>rts2800_fpu32.lib</file>
         <name>args_main.c.obj</name>
      </input_file>
      <input_file id="fl-44">
         <path>A:\Install stuff in here\ti\ccs\tools\compiler\ti-cgt-c2000_20.2.1.LTS\lib\</path>
         <kind>archive</kind>
         <file>rts2800_fpu32.lib</file>
         <name>memset.c.obj</name>
      </input_file>
      <input_file id="fl-45">
         <path>A:\Install stuff in here\ti\ccs\tools\compiler\ti-cgt-c2000_20.2.1.LTS\lib\</path>
         <kind>archive</kind>
         <file>rts2800_fpu32.lib</file>
         <name>rand.c.obj</name>
      </input_file>
   </input_file_list>
   <object_component_list>
      <object_component id="oc-d9">
         <name>codestart</name>
         <load_address>0x0</load_address>
         <run_address>0x0</run_address>
         <size>0x2</size>
         <input_file_ref idref="fl-d"/>
      </object_component>
      <object_component id="oc-ea">
         <name>.text:retain</name>
         <load_address>0x8000</load_address>
         <run_address>0x8000</run_address>
         <size>0x585</size>
         <input_file_ref idref="fl-10"/>
      </object_component>
      <object_component id="oc-242">
         <name>.text</name>
         <load_address>0x8585</load_address>
         <run_address>0x8585</run_address>
         <size>0x244</size>
         <input_file_ref idref="fl-16"/>
      </object_component>
      <object_component id="oc-226">
         <name>.text</name>
         <load_address>0x87c9</load_address>
         <run_address>0x87c9</run_address>
         <size>0x29</size>
         <input_file_ref idref="fl-41"/>
      </object_component>
      <object_component id="oc-241">
         <name>.text</name>
         <load_address>0x87f2</load_address>
         <run_address>0x87f2</run_address>
         <size>0x9</size>
         <input_file_ref idref="fl-42"/>
      </object_component>
      <object_component id="oc-224">
         <name>.text</name>
         <load_address>0x87fb</load_address>
         <run_address>0x87fb</run_address>
         <size>0x1</size>
         <input_file_ref idref="fl-40"/>
      </object_component>
      <object_component id="oc-238">
         <name>.text</name>
         <load_address>0x8800</load_address>
         <run_address>0x8800</run_address>
         <size>0x4ab</size>
         <input_file_ref idref="fl-21"/>
      </object_component>
      <object_component id="oc-240">
         <name>.text</name>
         <load_address>0x8cab</load_address>
         <run_address>0x8cab</run_address>
         <size>0x1f0</size>
         <input_file_ref idref="fl-a"/>
      </object_component>
      <object_component id="oc-a2">
         <name>.text:retain</name>
         <load_address>0x8e9b</load_address>
         <run_address>0x8e9b</run_address>
         <size>0xc7</size>
         <input_file_ref idref="fl-3"/>
      </object_component>
      <object_component id="oc-23a">
         <name>.text</name>
         <load_address>0x8f62</load_address>
         <run_address>0x8f62</run_address>
         <size>0x96</size>
         <input_file_ref idref="fl-5"/>
      </object_component>
      <object_component id="oc-d8">
         <name>.text</name>
         <load_address>0x8ff8</load_address>
         <run_address>0x8ff8</run_address>
         <size>0x8</size>
         <input_file_ref idref="fl-d"/>
      </object_component>
      <object_component id="oc-23f">
         <name>.text</name>
         <load_address>0x9000</load_address>
         <run_address>0x9000</run_address>
         <size>0x1eb</size>
         <input_file_ref idref="fl-8"/>
      </object_component>
      <object_component id="oc-23e">
         <name>.text</name>
         <load_address>0x91eb</load_address>
         <run_address>0x91eb</run_address>
         <size>0x1b8</size>
         <input_file_ref idref="fl-1c"/>
      </object_component>
      <object_component id="oc-1e7">
         <name>.text</name>
         <load_address>0x93a3</load_address>
         <run_address>0x93a3</run_address>
         <size>0x88</size>
         <input_file_ref idref="fl-3b"/>
      </object_component>
      <object_component id="oc-98">
         <name>.text</name>
         <load_address>0x942b</load_address>
         <run_address>0x942b</run_address>
         <size>0x56</size>
         <input_file_ref idref="fl-3a"/>
      </object_component>
      <object_component id="oc-23d">
         <name>.text</name>
         <load_address>0x9481</load_address>
         <run_address>0x9481</run_address>
         <size>0x42</size>
         <input_file_ref idref="fl-2"/>
      </object_component>
      <object_component id="oc-239">
         <name>.text</name>
         <load_address>0x94c3</load_address>
         <run_address>0x94c3</run_address>
         <size>0x28</size>
         <input_file_ref idref="fl-1d"/>
      </object_component>
      <object_component id="oc-223">
         <name>.text</name>
         <load_address>0x94eb</load_address>
         <run_address>0x94eb</run_address>
         <size>0x24</size>
         <input_file_ref idref="fl-3d"/>
      </object_component>
      <object_component id="oc-232">
         <name>.text</name>
         <load_address>0x950f</load_address>
         <run_address>0x950f</run_address>
         <size>0x1d</size>
         <input_file_ref idref="fl-3e"/>
      </object_component>
      <object_component id="oc-1ec">
         <name>.text</name>
         <load_address>0x952c</load_address>
         <run_address>0x952c</run_address>
         <size>0x18</size>
         <input_file_ref idref="fl-3c"/>
      </object_component>
      <object_component id="oc-225">
         <name>.text</name>
         <load_address>0x9544</load_address>
         <run_address>0x9544</run_address>
         <size>0x12</size>
         <input_file_ref idref="fl-43"/>
      </object_component>
      <object_component id="oc-233">
         <name>.text</name>
         <load_address>0xb000</load_address>
         <run_address>0xb000</run_address>
         <size>0x5db</size>
         <input_file_ref idref="fl-3"/>
      </object_component>
      <object_component id="oc-23b">
         <name>.text</name>
         <load_address>0xb5db</load_address>
         <run_address>0xb5db</run_address>
         <size>0x1f3</size>
         <input_file_ref idref="fl-4"/>
      </object_component>
      <object_component id="oc-227">
         <name>.text</name>
         <load_address>0xb7ce</load_address>
         <run_address>0xb7ce</run_address>
         <size>0x2d</size>
         <input_file_ref idref="fl-45"/>
      </object_component>
      <object_component id="oc-e4">
         <name>.text</name>
         <load_address>0xb7fb</load_address>
         <run_address>0xb7fb</run_address>
         <size>0x3</size>
         <input_file_ref idref="fl-f"/>
      </object_component>
      <object_component id="oc-222">
         <name>.text</name>
         <load_address>0xb7fe</load_address>
         <run_address>0xb7fe</run_address>
         <size>0x2</size>
         <input_file_ref idref="fl-3f"/>
      </object_component>
      <object_component id="oc-9f">
         <name>.cinit</name>
         <load_address>0x123</load_address>
         <run_address>0x123</run_address>
         <size>0x2a</size>
         <input_file_ref idref="fl-3"/>
      </object_component>
      <object_component id="oc-19a">
         <name>.cinit:_TRIP_SEL</name>
         <load_address>0x14d</load_address>
         <run_address>0x14d</run_address>
         <size>0x21</size>
         <input_file_ref idref="fl-27"/>
      </object_component>
      <object_component id="oc-1ca">
         <name>.cinit:_EPWM</name>
         <load_address>0x16e</load_address>
         <run_address>0x16e</run_address>
         <size>0x1d</size>
         <input_file_ref idref="fl-27"/>
      </object_component>
      <object_component id="oc-18a">
         <name>.cinit:_ECAP</name>
         <load_address>0x18b</load_address>
         <run_address>0x18b</run_address>
         <size>0x11</size>
         <input_file_ref idref="fl-27"/>
      </object_component>
      <object_component id="oc-b8">
         <name>.cinit</name>
         <load_address>0x19c</load_address>
         <run_address>0x19c</run_address>
         <size>0xf</size>
         <input_file_ref idref="fl-7"/>
      </object_component>
      <object_component id="oc-206">
         <name>.cinit</name>
         <load_address>0x1ab</load_address>
         <run_address>0x1ab</run_address>
         <size>0xe</size>
         <input_file_ref idref="fl-41"/>
      </object_component>
      <object_component id="oc-1c3">
         <name>.cinit:_ADC</name>
         <load_address>0x1b9</load_address>
         <run_address>0x1b9</run_address>
         <size>0xd</size>
         <input_file_ref idref="fl-27"/>
      </object_component>
      <object_component id="oc-19e">
         <name>.cinit:_EQEP</name>
         <load_address>0x1c6</load_address>
         <run_address>0x1c6</run_address>
         <size>0xb</size>
         <input_file_ref idref="fl-27"/>
      </object_component>
      <object_component id="oc-181">
         <name>.cinit:_SPI</name>
         <load_address>0x1d1</load_address>
         <run_address>0x1d1</run_address>
         <size>0xb</size>
         <input_file_ref idref="fl-27"/>
      </object_component>
      <object_component id="oc-1be">
         <name>.cinit:_SDFM</name>
         <load_address>0x1dc</load_address>
         <run_address>0x1dc</run_address>
         <size>0x9</size>
         <input_file_ref idref="fl-27"/>
      </object_component>
      <object_component id="oc-1a2">
         <name>.cinit:_I2C</name>
         <load_address>0x1e5</load_address>
         <run_address>0x1e5</run_address>
         <size>0x7</size>
         <input_file_ref idref="fl-27"/>
      </object_component>
      <object_component id="oc-1a6">
         <name>.cinit:_MCBSP</name>
         <load_address>0x1ec</load_address>
         <run_address>0x1ec</run_address>
         <size>0x7</size>
         <input_file_ref idref="fl-27"/>
      </object_component>
      <object_component id="oc-17c">
         <name>.cinit:_SCI</name>
         <load_address>0x1f3</load_address>
         <run_address>0x1f3</run_address>
         <size>0x7</size>
         <input_file_ref idref="fl-27"/>
      </object_component>
      <object_component id="oc-235">
         <name>.cinit:__lock</name>
         <load_address>0x1fa</load_address>
         <run_address>0x1fa</run_address>
         <size>0x5</size>
         <input_file_ref idref="fl-42"/>
      </object_component>
      <object_component id="oc-237">
         <name>.cinit:__unlock</name>
         <load_address>0x1ff</load_address>
         <run_address>0x1ff</run_address>
         <size>0x5</size>
         <input_file_ref idref="fl-42"/>
      </object_component>
      <object_component id="oc-21c">
         <name>.cinit</name>
         <load_address>0x204</load_address>
         <run_address>0x204</run_address>
         <size>0x5</size>
         <input_file_ref idref="fl-45"/>
      </object_component>
      <object_component id="oc-158">
         <name>.cinit</name>
         <load_address>0x209</load_address>
         <run_address>0x209</run_address>
         <size>0x4</size>
         <input_file_ref idref="fl-25"/>
      </object_component>
      <object_component id="oc-23c">
         <name>.switch:_main</name>
         <load_address>0x210</load_address>
         <run_address>0x210</run_address>
         <size>0x40</size>
         <input_file_ref idref="fl-3"/>
      </object_component>
      <object_component id="oc-1e2">
         <name>.reset</name>
         <load_address>0x3fffc0</load_address>
         <run_address>0x3fffc0</run_address>
         <size>0x2</size>
         <input_file_ref idref="fl-3a"/>
      </object_component>
      <object_component id="oc-1e1">
         <name>.stack</name>
         <uninitialized>true</uninitialized>
         <run_address>0x400</run_address>
         <size>0x0</size>
         <input_file_ref idref="fl-3a"/>
      </object_component>
      <object_component id="oc-2e4">
         <name>.stack</name>
         <uninitialized>true</uninitialized>
         <run_address>0x400</run_address>
         <size>0x0</size>
      </object_component>
      <object_component id="oc-a0">
         <name>.ebss</name>
         <uninitialized>true</uninitialized>
         <run_address>0xaad8</run_address>
         <size>0xc</size>
         <input_file_ref idref="fl-3"/>
      </object_component>
      <object_component id="oc-b9">
         <name>.ebss</name>
         <uninitialized>true</uninitialized>
         <run_address>0xab00</run_address>
         <size>0x6</size>
         <input_file_ref idref="fl-7"/>
      </object_component>
      <object_component id="oc-df">
         <name>.ebss</name>
         <uninitialized>true</uninitialized>
         <run_address>0xaac0</run_address>
         <size>0x18</size>
         <input_file_ref idref="fl-e"/>
      </object_component>
      <object_component id="oc-148">
         <name>.ebss</name>
         <uninitialized>true</uninitialized>
         <run_address>0xaa7a</run_address>
         <size>0x6</size>
         <input_file_ref idref="fl-22"/>
      </object_component>
      <object_component id="oc-159">
         <name>.ebss</name>
         <uninitialized>true</uninitialized>
         <run_address>0xab1a</run_address>
         <size>0x1</size>
         <input_file_ref idref="fl-25"/>
      </object_component>
      <object_component id="oc-22d">
         <name>.ebss:_I2C</name>
         <uninitialized>true</uninitialized>
         <run_address>0xaafc</run_address>
         <size>0x4</size>
         <input_file_ref idref="fl-27"/>
      </object_component>
      <object_component id="oc-22e">
         <name>.ebss:_MCBSP</name>
         <uninitialized>true</uninitialized>
         <run_address>0xab0c</run_address>
         <size>0x4</size>
         <input_file_ref idref="fl-27"/>
      </object_component>
      <object_component id="oc-228">
         <name>.ebss:_SCI</name>
         <uninitialized>true</uninitialized>
         <run_address>0xab10</run_address>
         <size>0x4</size>
         <input_file_ref idref="fl-27"/>
      </object_component>
      <object_component id="oc-22f">
         <name>.ebss:_SDFM</name>
         <uninitialized>true</uninitialized>
         <run_address>0xaaf6</run_address>
         <size>0x6</size>
         <input_file_ref idref="fl-27"/>
      </object_component>
      <object_component id="oc-22c">
         <name>.ebss:_EQEP</name>
         <uninitialized>true</uninitialized>
         <run_address>0xaab8</run_address>
         <size>0x8</size>
         <input_file_ref idref="fl-27"/>
      </object_component>
      <object_component id="oc-229">
         <name>.ebss:_SPI</name>
         <uninitialized>true</uninitialized>
         <run_address>0xaaee</run_address>
         <size>0x8</size>
         <input_file_ref idref="fl-27"/>
      </object_component>
      <object_component id="oc-230">
         <name>.ebss:_ADC</name>
         <uninitialized>true</uninitialized>
         <run_address>0xaae4</run_address>
         <size>0xa</size>
         <input_file_ref idref="fl-27"/>
      </object_component>
      <object_component id="oc-22a">
         <name>.ebss:_ECAP</name>
         <uninitialized>true</uninitialized>
         <run_address>0xaa6c</run_address>
         <size>0xe</size>
         <input_file_ref idref="fl-27"/>
      </object_component>
      <object_component id="oc-231">
         <name>.ebss:_EPWM</name>
         <uninitialized>true</uninitialized>
         <run_address>0xaa9e</run_address>
         <size>0x1a</size>
         <input_file_ref idref="fl-27"/>
      </object_component>
      <object_component id="oc-22b">
         <name>.ebss:_TRIP_SEL</name>
         <uninitialized>true</uninitialized>
         <run_address>0xaa80</run_address>
         <size>0x1e</size>
         <input_file_ref idref="fl-27"/>
      </object_component>
      <object_component id="oc-207">
         <name>.ebss</name>
         <uninitialized>true</uninitialized>
         <run_address>0xab06</run_address>
         <size>0x6</size>
         <input_file_ref idref="fl-41"/>
      </object_component>
      <object_component id="oc-234">
         <name>.ebss:__lock</name>
         <uninitialized>true</uninitialized>
         <run_address>0xab14</run_address>
         <size>0x2</size>
         <input_file_ref idref="fl-42"/>
      </object_component>
      <object_component id="oc-236">
         <name>.ebss:__unlock</name>
         <uninitialized>true</uninitialized>
         <run_address>0xab16</run_address>
         <size>0x2</size>
         <input_file_ref idref="fl-42"/>
      </object_component>
      <object_component id="oc-21d">
         <name>.ebss</name>
         <uninitialized>true</uninitialized>
         <run_address>0xab18</run_address>
         <size>0x2</size>
         <input_file_ref idref="fl-45"/>
      </object_component>
      <object_component id="oc-a3">
         <name>.econst:.string</name>
         <load_address>0xa800</load_address>
         <run_address>0xa800</run_address>
         <size>0x252</size>
         <input_file_ref idref="fl-3"/>
      </object_component>
      <object_component id="oc-243">
         <name>.econst:_$P$T0$1</name>
         <load_address>0xaa52</load_address>
         <run_address>0xaa52</run_address>
         <size>0x14</size>
         <input_file_ref idref="fl-4"/>
      </object_component>
      <object_component id="oc-244">
         <name>.econst:_$P$T1$2</name>
         <load_address>0xaa66</load_address>
         <run_address>0xaa66</run_address>
         <size>0x2</size>
         <input_file_ref idref="fl-4"/>
      </object_component>
      <object_component id="oc-245">
         <name>.econst:_$P$T2$3</name>
         <load_address>0xaa68</load_address>
         <run_address>0xaa68</run_address>
         <size>0x2</size>
         <input_file_ref idref="fl-4"/>
      </object_component>
      <object_component id="oc-246">
         <name>.econst:_$P$T3$4</name>
         <load_address>0xaa6a</load_address>
         <run_address>0xaa6a</run_address>
         <size>0x2</size>
         <input_file_ref idref="fl-4"/>
      </object_component>
      <object_component id="oc-a1">
         <name>ramgs0</name>
         <uninitialized>true</uninitialized>
         <run_address>0xc000</run_address>
         <size>0x800</size>
         <input_file_ref idref="fl-3"/>
      </object_component>
      <object_component id="oc-165">
         <name>.TI.ramfunc</name>
         <load_address>0x250</load_address>
         <run_address>0x250</run_address>
         <size>0x4</size>
         <input_file_ref idref="fl-28"/>
      </object_component>
      <object_component id="oc-ce">
         <name>.TI.ramfunc</name>
         <load_address>0x254</load_address>
         <run_address>0x254</run_address>
         <size>0x4</size>
         <input_file_ref idref="fl-b"/>
      </object_component>
      <object_component id="oc-11c">
         <name>PUTBUFFER</name>
         <uninitialized>true</uninitialized>
         <run_address>0x3fc00</run_address>
         <size>0x80</size>
         <input_file_ref idref="fl-19"/>
      </object_component>
      <object_component id="oc-118">
         <name>PUTWRITEIDX</name>
         <uninitialized>true</uninitialized>
         <run_address>0x3fc80</run_address>
         <size>0x4</size>
         <input_file_ref idref="fl-19"/>
      </object_component>
      <object_component id="oc-11b">
         <name>GETREADIDX</name>
         <uninitialized>true</uninitialized>
         <run_address>0x3fc84</run_address>
         <size>0x4</size>
         <input_file_ref idref="fl-19"/>
      </object_component>
      <object_component id="oc-11d">
         <name>GETBUFFER</name>
         <uninitialized>true</uninitialized>
         <run_address>0x3f800</run_address>
         <size>0x80</size>
         <input_file_ref idref="fl-19"/>
      </object_component>
      <object_component id="oc-11a">
         <name>GETWRITEIDX</name>
         <uninitialized>true</uninitialized>
         <run_address>0x3f880</run_address>
         <size>0x4</size>
         <input_file_ref idref="fl-19"/>
      </object_component>
      <object_component id="oc-119">
         <name>PUTREADIDX</name>
         <uninitialized>true</uninitialized>
         <run_address>0x3f884</run_address>
         <size>0x4</size>
         <input_file_ref idref="fl-19"/>
      </object_component>
      <object_component id="oc-1df">
         <name>PieVectTableFile</name>
         <uninitialized>true</uninitialized>
         <run_address>0xd00</run_address>
         <size>0x1c0</size>
         <input_file_ref idref="fl-29"/>
      </object_component>
      <object_component id="oc-1ac">
         <name>AccessProtectionRegsFile</name>
         <uninitialized>true</uninitialized>
         <run_address>0x5f4c0</run_address>
         <size>0x2e</size>
         <input_file_ref idref="fl-29"/>
      </object_component>
      <object_component id="oc-1c2">
         <name>AdcaRegsFile</name>
         <uninitialized>true</uninitialized>
         <run_address>0x7400</run_address>
         <size>0x7c</size>
         <input_file_ref idref="fl-29"/>
      </object_component>
      <object_component id="oc-1c4">
         <name>AdcbRegsFile</name>
         <uninitialized>true</uninitialized>
         <run_address>0x7480</run_address>
         <size>0x7c</size>
         <input_file_ref idref="fl-29"/>
      </object_component>
      <object_component id="oc-1c5">
         <name>AdccRegsFile</name>
         <uninitialized>true</uninitialized>
         <run_address>0x7500</run_address>
         <size>0x7c</size>
         <input_file_ref idref="fl-29"/>
      </object_component>
      <object_component id="oc-1c6">
         <name>AdcdRegsFile</name>
         <uninitialized>true</uninitialized>
         <run_address>0x7580</run_address>
         <size>0x7c</size>
         <input_file_ref idref="fl-29"/>
      </object_component>
      <object_component id="oc-184">
         <name>AdcaResultRegsFile</name>
         <uninitialized>true</uninitialized>
         <run_address>0xb00</run_address>
         <size>0x18</size>
         <input_file_ref idref="fl-29"/>
      </object_component>
      <object_component id="oc-185">
         <name>AdcbResultRegsFile</name>
         <uninitialized>true</uninitialized>
         <run_address>0xb20</run_address>
         <size>0x18</size>
         <input_file_ref idref="fl-29"/>
      </object_component>
      <object_component id="oc-186">
         <name>AdccResultRegsFile</name>
         <uninitialized>true</uninitialized>
         <run_address>0xb40</run_address>
         <size>0x18</size>
         <input_file_ref idref="fl-29"/>
      </object_component>
      <object_component id="oc-187">
         <name>AdcdResultRegsFile</name>
         <uninitialized>true</uninitialized>
         <run_address>0xb60</run_address>
         <size>0x18</size>
         <input_file_ref idref="fl-29"/>
      </object_component>
      <object_component id="oc-1b0">
         <name>AnalogSubsysRegsFile</name>
         <uninitialized>true</uninitialized>
         <run_address>0x5d180</run_address>
         <size>0x3e</size>
         <input_file_ref idref="fl-29"/>
      </object_component>
      <object_component id="oc-1db">
         <name>CanaRegsFile</name>
         <uninitialized>true</uninitialized>
         <run_address>0x48000</run_address>
         <size>0x164</size>
         <input_file_ref idref="fl-29"/>
      </object_component>
      <object_component id="oc-1dc">
         <name>CanbRegsFile</name>
         <uninitialized>true</uninitialized>
         <run_address>0x4a000</run_address>
         <size>0x164</size>
         <input_file_ref idref="fl-29"/>
      </object_component>
      <object_component id="oc-1b1">
         <name>Cla1RegsFile</name>
         <uninitialized>true</uninitialized>
         <run_address>0x1400</run_address>
         <size>0x3e</size>
         <input_file_ref idref="fl-29"/>
      </object_component>
      <object_component id="oc-1d6">
         <name>Clb1DataExchRegsFile</name>
         <uninitialized>true</uninitialized>
         <run_address>0x3200</run_address>
         <size>0x108</size>
         <input_file_ref idref="fl-29"/>
      </object_component>
      <object_component id="oc-1d7">
         <name>Clb2DataExchRegsFile</name>
         <uninitialized>true</uninitialized>
         <run_address>0x3600</run_address>
         <size>0x108</size>
         <input_file_ref idref="fl-29"/>
      </object_component>
      <object_component id="oc-1d8">
         <name>Clb3DataExchRegsFile</name>
         <uninitialized>true</uninitialized>
         <run_address>0x3a00</run_address>
         <size>0x108</size>
         <input_file_ref idref="fl-29"/>
      </object_component>
      <object_component id="oc-1d9">
         <name>Clb4DataExchRegsFile</name>
         <uninitialized>true</uninitialized>
         <run_address>0x3e00</run_address>
         <size>0x108</size>
         <input_file_ref idref="fl-29"/>
      </object_component>
      <object_component id="oc-1b2">
         <name>Clb1LogicCfgRegsFile</name>
         <uninitialized>true</uninitialized>
         <run_address>0x3000</run_address>
         <size>0x3e</size>
         <input_file_ref idref="fl-29"/>
      </object_component>
      <object_component id="oc-1b3">
         <name>Clb2LogicCfgRegsFile</name>
         <uninitialized>true</uninitialized>
         <run_address>0x3400</run_address>
         <size>0x3e</size>
         <input_file_ref idref="fl-29"/>
      </object_component>
      <object_component id="oc-1b4">
         <name>Clb3LogicCfgRegsFile</name>
         <uninitialized>true</uninitialized>
         <run_address>0x3800</run_address>
         <size>0x3e</size>
         <input_file_ref idref="fl-29"/>
      </object_component>
      <object_component id="oc-1b5">
         <name>Clb4LogicCfgRegsFile</name>
         <uninitialized>true</uninitialized>
         <run_address>0x3c00</run_address>
         <size>0x3e</size>
         <input_file_ref idref="fl-29"/>
      </object_component>
      <object_component id="oc-1b6">
         <name>Clb1LogicCtrlRegsFile</name>
         <uninitialized>true</uninitialized>
         <run_address>0x3100</run_address>
         <size>0x40</size>
         <input_file_ref idref="fl-29"/>
      </object_component>
      <object_component id="oc-1b7">
         <name>Clb2LogicCtrlRegsFile</name>
         <uninitialized>true</uninitialized>
         <run_address>0x3500</run_address>
         <size>0x40</size>
         <input_file_ref idref="fl-29"/>
      </object_component>
      <object_component id="oc-1b8">
         <name>Clb3LogicCtrlRegsFile</name>
         <uninitialized>true</uninitialized>
         <run_address>0x3900</run_address>
         <size>0x40</size>
         <input_file_ref idref="fl-29"/>
      </object_component>
      <object_component id="oc-1b9">
         <name>Clb4LogicCtrlRegsFile</name>
         <uninitialized>true</uninitialized>
         <run_address>0x3d00</run_address>
         <size>0x40</size>
         <input_file_ref idref="fl-29"/>
      </object_component>
      <object_component id="oc-1ba">
         <name>ClbXbarRegsFile</name>
         <uninitialized>true</uninitialized>
         <run_address>0x7a40</run_address>
         <size>0x40</size>
         <input_file_ref idref="fl-29"/>
      </object_component>
      <object_component id="oc-1ae">
         <name>ClkCfgRegsFile</name>
         <uninitialized>true</uninitialized>
         <run_address>0x5d200</run_address>
         <size>0x32</size>
         <input_file_ref idref="fl-29"/>
      </object_component>
      <object_component id="oc-191">
         <name>Cmpss1RegsFile</name>
         <uninitialized>true</uninitialized>
         <run_address>0x5c80</run_address>
         <size>0x1b</size>
         <input_file_ref idref="fl-29"/>
      </object_component>
      <object_component id="oc-192">
         <name>Cmpss2RegsFile</name>
         <uninitialized>true</uninitialized>
         <run_address>0x5ca0</run_address>
         <size>0x1b</size>
         <input_file_ref idref="fl-29"/>
      </object_component>
      <object_component id="oc-193">
         <name>Cmpss3RegsFile</name>
         <uninitialized>true</uninitialized>
         <run_address>0x5cc0</run_address>
         <size>0x1b</size>
         <input_file_ref idref="fl-29"/>
      </object_component>
      <object_component id="oc-194">
         <name>Cmpss4RegsFile</name>
         <uninitialized>true</uninitialized>
         <run_address>0x5ce0</run_address>
         <size>0x1b</size>
         <input_file_ref idref="fl-29"/>
      </object_component>
      <object_component id="oc-195">
         <name>Cmpss5RegsFile</name>
         <uninitialized>true</uninitialized>
         <run_address>0x5d00</run_address>
         <size>0x1b</size>
         <input_file_ref idref="fl-29"/>
      </object_component>
      <object_component id="oc-196">
         <name>Cmpss6RegsFile</name>
         <uninitialized>true</uninitialized>
         <run_address>0x5d20</run_address>
         <size>0x1b</size>
         <input_file_ref idref="fl-29"/>
      </object_component>
      <object_component id="oc-197">
         <name>Cmpss7RegsFile</name>
         <uninitialized>true</uninitialized>
         <run_address>0x5d40</run_address>
         <size>0x1b</size>
         <input_file_ref idref="fl-29"/>
      </object_component>
      <object_component id="oc-198">
         <name>Cmpss8RegsFile</name>
         <uninitialized>true</uninitialized>
         <run_address>0x5d60</run_address>
         <size>0x1b</size>
         <input_file_ref idref="fl-29"/>
      </object_component>
      <object_component id="oc-174">
         <name>CpuTimer0RegsFile</name>
         <uninitialized>true</uninitialized>
         <run_address>0xc00</run_address>
         <size>0x8</size>
         <input_file_ref idref="fl-29"/>
      </object_component>
      <object_component id="oc-175">
         <name>CpuTimer1RegsFile</name>
         <uninitialized>true</uninitialized>
         <run_address>0xc08</run_address>
         <size>0x8</size>
         <input_file_ref idref="fl-29"/>
      </object_component>
      <object_component id="oc-176">
         <name>CpuTimer2RegsFile</name>
         <uninitialized>true</uninitialized>
         <run_address>0xc10</run_address>
         <size>0x8</size>
         <input_file_ref idref="fl-29"/>
      </object_component>
      <object_component id="oc-1c7">
         <name>CpuSysRegsFile</name>
         <uninitialized>true</uninitialized>
         <run_address>0x5d300</run_address>
         <size>0x82</size>
         <input_file_ref idref="fl-29"/>
      </object_component>
      <object_component id="oc-170">
         <name>DacaRegsFile</name>
         <uninitialized>true</uninitialized>
         <run_address>0x5c00</run_address>
         <size>0x7</size>
         <input_file_ref idref="fl-29"/>
      </object_component>
      <object_component id="oc-171">
         <name>DacbRegsFile</name>
         <uninitialized>true</uninitialized>
         <run_address>0x5c10</run_address>
         <size>0x7</size>
         <input_file_ref idref="fl-29"/>
      </object_component>
      <object_component id="oc-172">
         <name>DaccRegsFile</name>
         <uninitialized>true</uninitialized>
         <run_address>0x5c20</run_address>
         <size>0x7</size>
         <input_file_ref idref="fl-29"/>
      </object_component>
      <object_component id="oc-16e">
         <name>DcsmCommonRegsFile</name>
         <uninitialized>true</uninitialized>
         <run_address>0x5f070</run_address>
         <size>0x6</size>
         <input_file_ref idref="fl-29"/>
      </object_component>
      <object_component id="oc-19b">
         <name>DcsmZ1RegsFile</name>
         <uninitialized>true</uninitialized>
         <run_address>0x5f000</run_address>
         <size>0x22</size>
         <input_file_ref idref="fl-29"/>
      </object_component>
      <object_component id="oc-19c">
         <name>DcsmZ2RegsFile</name>
         <uninitialized>true</uninitialized>
         <run_address>0x5f040</run_address>
         <size>0x22</size>
         <input_file_ref idref="fl-29"/>
      </object_component>
      <object_component id="oc-1da">
         <name>DevCfgRegsFile</name>
         <uninitialized>true</uninitialized>
         <run_address>0x5d000</run_address>
         <size>0x12e</size>
         <input_file_ref idref="fl-29"/>
      </object_component>
      <object_component id="oc-188">
         <name>DmaClaSrcSelRegsFile</name>
         <uninitialized>true</uninitialized>
         <run_address>0x7980</run_address>
         <size>0x1a</size>
         <input_file_ref idref="fl-29"/>
      </object_component>
      <object_component id="oc-1c8">
         <name>DmaRegsFile</name>
         <uninitialized>true</uninitialized>
         <run_address>0x1000</run_address>
         <size>0xe0</size>
         <input_file_ref idref="fl-29"/>
      </object_component>
      <object_component id="oc-189">
         <name>ECap1RegsFile</name>
         <uninitialized>true</uninitialized>
         <run_address>0x5000</run_address>
         <size>0x1a</size>
         <input_file_ref idref="fl-29"/>
      </object_component>
      <object_component id="oc-18b">
         <name>ECap2RegsFile</name>
         <uninitialized>true</uninitialized>
         <run_address>0x5020</run_address>
         <size>0x1a</size>
         <input_file_ref idref="fl-29"/>
      </object_component>
      <object_component id="oc-18c">
         <name>ECap3RegsFile</name>
         <uninitialized>true</uninitialized>
         <run_address>0x5040</run_address>
         <size>0x1a</size>
         <input_file_ref idref="fl-29"/>
      </object_component>
      <object_component id="oc-18d">
         <name>ECap4RegsFile</name>
         <uninitialized>true</uninitialized>
         <run_address>0x5060</run_address>
         <size>0x1a</size>
         <input_file_ref idref="fl-29"/>
      </object_component>
      <object_component id="oc-18e">
         <name>ECap5RegsFile</name>
         <uninitialized>true</uninitialized>
         <run_address>0x5080</run_address>
         <size>0x1a</size>
         <input_file_ref idref="fl-29"/>
      </object_component>
      <object_component id="oc-18f">
         <name>ECap6RegsFile</name>
         <uninitialized>true</uninitialized>
         <run_address>0x50a0</run_address>
         <size>0x1a</size>
         <input_file_ref idref="fl-29"/>
      </object_component>
      <object_component id="oc-177">
         <name>Emif1ConfigRegsFile</name>
         <uninitialized>true</uninitialized>
         <run_address>0x5f480</run_address>
         <size>0xa</size>
         <input_file_ref idref="fl-29"/>
      </object_component>
      <object_component id="oc-178">
         <name>Emif2ConfigRegsFile</name>
         <uninitialized>true</uninitialized>
         <run_address>0x5f4a0</run_address>
         <size>0xa</size>
         <input_file_ref idref="fl-29"/>
      </object_component>
      <object_component id="oc-1a8">
         <name>Emif1RegsFile</name>
         <uninitialized>true</uninitialized>
         <run_address>0x47000</run_address>
         <size>0x28</size>
         <input_file_ref idref="fl-29"/>
      </object_component>
      <object_component id="oc-1a9">
         <name>Emif2RegsFile</name>
         <uninitialized>true</uninitialized>
         <run_address>0x47800</run_address>
         <size>0x28</size>
         <input_file_ref idref="fl-29"/>
      </object_component>
      <object_component id="oc-1c9">
         <name>EPwm1RegsFile</name>
         <uninitialized>true</uninitialized>
         <run_address>0x4000</run_address>
         <size>0x100</size>
         <input_file_ref idref="fl-29"/>
      </object_component>
      <object_component id="oc-1cb">
         <name>EPwm2RegsFile</name>
         <uninitialized>true</uninitialized>
         <run_address>0x4100</run_address>
         <size>0x100</size>
         <input_file_ref idref="fl-29"/>
      </object_component>
      <object_component id="oc-1cc">
         <name>EPwm3RegsFile</name>
         <uninitialized>true</uninitialized>
         <run_address>0x4200</run_address>
         <size>0x100</size>
         <input_file_ref idref="fl-29"/>
      </object_component>
      <object_component id="oc-1cd">
         <name>EPwm4RegsFile</name>
         <uninitialized>true</uninitialized>
         <run_address>0x4300</run_address>
         <size>0x100</size>
         <input_file_ref idref="fl-29"/>
      </object_component>
      <object_component id="oc-1ce">
         <name>EPwm5RegsFile</name>
         <uninitialized>true</uninitialized>
         <run_address>0x4400</run_address>
         <size>0x100</size>
         <input_file_ref idref="fl-29"/>
      </object_component>
      <object_component id="oc-1cf">
         <name>EPwm6RegsFile</name>
         <uninitialized>true</uninitialized>
         <run_address>0x4500</run_address>
         <size>0x100</size>
         <input_file_ref idref="fl-29"/>
      </object_component>
      <object_component id="oc-1d0">
         <name>EPwm7RegsFile</name>
         <uninitialized>true</uninitialized>
         <run_address>0x4600</run_address>
         <size>0x100</size>
         <input_file_ref idref="fl-29"/>
      </object_component>
      <object_component id="oc-1d1">
         <name>EPwm8RegsFile</name>
         <uninitialized>true</uninitialized>
         <run_address>0x4700</run_address>
         <size>0x100</size>
         <input_file_ref idref="fl-29"/>
      </object_component>
      <object_component id="oc-1d2">
         <name>EPwm9RegsFile</name>
         <uninitialized>true</uninitialized>
         <run_address>0x4800</run_address>
         <size>0x100</size>
         <input_file_ref idref="fl-29"/>
      </object_component>
      <object_component id="oc-1d3">
         <name>EPwm10RegsFile</name>
         <uninitialized>true</uninitialized>
         <run_address>0x4900</run_address>
         <size>0x100</size>
         <input_file_ref idref="fl-29"/>
      </object_component>
      <object_component id="oc-1d4">
         <name>EPwm11RegsFile</name>
         <uninitialized>true</uninitialized>
         <run_address>0x4a00</run_address>
         <size>0x100</size>
         <input_file_ref idref="fl-29"/>
      </object_component>
      <object_component id="oc-1d5">
         <name>EPwm12RegsFile</name>
         <uninitialized>true</uninitialized>
         <run_address>0x4b00</run_address>
         <size>0x100</size>
         <input_file_ref idref="fl-29"/>
      </object_component>
      <object_component id="oc-1bb">
         <name>EPwmXbarRegsFile</name>
         <uninitialized>true</uninitialized>
         <run_address>0x7a00</run_address>
         <size>0x40</size>
         <input_file_ref idref="fl-29"/>
      </object_component>
      <object_component id="oc-19d">
         <name>EQep1RegsFile</name>
         <uninitialized>true</uninitialized>
         <run_address>0x5100</run_address>
         <size>0x22</size>
         <input_file_ref idref="fl-29"/>
      </object_component>
      <object_component id="oc-19f">
         <name>EQep2RegsFile</name>
         <uninitialized>true</uninitialized>
         <run_address>0x5140</run_address>
         <size>0x22</size>
         <input_file_ref idref="fl-29"/>
      </object_component>
      <object_component id="oc-1a0">
         <name>EQep3RegsFile</name>
         <uninitialized>true</uninitialized>
         <run_address>0x5180</run_address>
         <size>0x22</size>
         <input_file_ref idref="fl-29"/>
      </object_component>
      <object_component id="oc-1de">
         <name>Flash0CtrlRegsFile</name>
         <uninitialized>true</uninitialized>
         <run_address>0x5f800</run_address>
         <size>0x182</size>
         <input_file_ref idref="fl-29"/>
      </object_component>
      <object_component id="oc-1aa">
         <name>Flash0EccRegsFile</name>
         <uninitialized>true</uninitialized>
         <run_address>0x5fb00</run_address>
         <size>0x28</size>
         <input_file_ref idref="fl-29"/>
      </object_component>
      <object_component id="oc-16b">
         <name>FlashPumpSemaphoreRegsFile</name>
         <uninitialized>true</uninitialized>
         <run_address>0x50024</run_address>
         <size>0x2</size>
         <input_file_ref idref="fl-29"/>
      </object_component>
      <object_component id="oc-1dd">
         <name>GpioCtrlRegsFile</name>
         <uninitialized>true</uninitialized>
         <run_address>0x7c00</run_address>
         <size>0x180</size>
         <input_file_ref idref="fl-29"/>
      </object_component>
      <object_component id="oc-1ad">
         <name>GpioDataRegsFile</name>
         <uninitialized>true</uninitialized>
         <run_address>0x7f00</run_address>
         <size>0x30</size>
         <input_file_ref idref="fl-29"/>
      </object_component>
      <object_component id="oc-1a1">
         <name>I2caRegsFile</name>
         <uninitialized>true</uninitialized>
         <run_address>0x7300</run_address>
         <size>0x22</size>
         <input_file_ref idref="fl-29"/>
      </object_component>
      <object_component id="oc-1a3">
         <name>I2cbRegsFile</name>
         <uninitialized>true</uninitialized>
         <run_address>0x7340</run_address>
         <size>0x22</size>
         <input_file_ref idref="fl-29"/>
      </object_component>
      <object_component id="oc-199">
         <name>InputXbarRegsFile</name>
         <uninitialized>true</uninitialized>
         <run_address>0x7900</run_address>
         <size>0x20</size>
         <input_file_ref idref="fl-29"/>
      </object_component>
      <object_component id="oc-1a4">
         <name>IpcRegsFile</name>
         <uninitialized>true</uninitialized>
         <run_address>0x50000</run_address>
         <size>0x24</size>
         <input_file_ref idref="fl-29"/>
      </object_component>
      <object_component id="oc-1af">
         <name>MemoryErrorRegsFile</name>
         <uninitialized>true</uninitialized>
         <run_address>0x5f500</run_address>
         <size>0x3a</size>
         <input_file_ref idref="fl-29"/>
      </object_component>
      <object_component id="oc-1c1">
         <name>MemCfgRegsFile</name>
         <uninitialized>true</uninitialized>
         <run_address>0x5f400</run_address>
         <size>0x76</size>
         <input_file_ref idref="fl-29"/>
      </object_component>
      <object_component id="oc-1a5">
         <name>McbspaRegsFile</name>
         <uninitialized>true</uninitialized>
         <run_address>0x6000</run_address>
         <size>0x24</size>
         <input_file_ref idref="fl-29"/>
      </object_component>
      <object_component id="oc-1a7">
         <name>McbspbRegsFile</name>
         <uninitialized>true</uninitialized>
         <run_address>0x6040</run_address>
         <size>0x24</size>
         <input_file_ref idref="fl-29"/>
      </object_component>
      <object_component id="oc-173">
         <name>NmiIntruptRegsFile</name>
         <uninitialized>true</uninitialized>
         <run_address>0x7060</run_address>
         <size>0x7</size>
         <input_file_ref idref="fl-29"/>
      </object_component>
      <object_component id="oc-1bc">
         <name>OutputXbarRegsFile</name>
         <uninitialized>true</uninitialized>
         <run_address>0x7a80</run_address>
         <size>0x40</size>
         <input_file_ref idref="fl-29"/>
      </object_component>
      <object_component id="oc-190">
         <name>PieCtrlRegsFile</name>
         <uninitialized>true</uninitialized>
         <run_address>0xce0</run_address>
         <size>0x1a</size>
         <input_file_ref idref="fl-29"/>
      </object_component>
      <object_component id="oc-16c">
         <name>RomPrefetchRegsFile</name>
         <uninitialized>true</uninitialized>
         <run_address>0x5e608</run_address>
         <size>0x2</size>
         <input_file_ref idref="fl-29"/>
      </object_component>
      <object_component id="oc-16d">
         <name>RomWaitStateRegsFile</name>
         <uninitialized>true</uninitialized>
         <run_address>0x5f540</run_address>
         <size>0x2</size>
         <input_file_ref idref="fl-29"/>
      </object_component>
      <object_component id="oc-17b">
         <name>SciaRegsFile</name>
         <uninitialized>true</uninitialized>
         <run_address>0x7200</run_address>
         <size>0x10</size>
         <input_file_ref idref="fl-29"/>
      </object_component>
      <object_component id="oc-17d">
         <name>ScibRegsFile</name>
         <uninitialized>true</uninitialized>
         <run_address>0x7210</run_address>
         <size>0x10</size>
         <input_file_ref idref="fl-29"/>
      </object_component>
      <object_component id="oc-17e">
         <name>ScicRegsFile</name>
         <uninitialized>true</uninitialized>
         <run_address>0x7220</run_address>
         <size>0x10</size>
         <input_file_ref idref="fl-29"/>
      </object_component>
      <object_component id="oc-17f">
         <name>ScidRegsFile</name>
         <uninitialized>true</uninitialized>
         <run_address>0x7230</run_address>
         <size>0x10</size>
         <input_file_ref idref="fl-29"/>
      </object_component>
      <object_component id="oc-1bd">
         <name>Sdfm1RegsFile</name>
         <uninitialized>true</uninitialized>
         <run_address>0x5e00</run_address>
         <size>0x48</size>
         <input_file_ref idref="fl-29"/>
      </object_component>
      <object_component id="oc-1bf">
         <name>Sdfm2RegsFile</name>
         <uninitialized>true</uninitialized>
         <run_address>0x5e80</run_address>
         <size>0x48</size>
         <input_file_ref idref="fl-29"/>
      </object_component>
      <object_component id="oc-180">
         <name>SpiaRegsFile</name>
         <uninitialized>true</uninitialized>
         <run_address>0x6100</run_address>
         <size>0x10</size>
         <input_file_ref idref="fl-29"/>
      </object_component>
      <object_component id="oc-182">
         <name>SpibRegsFile</name>
         <uninitialized>true</uninitialized>
         <run_address>0x6110</run_address>
         <size>0x10</size>
         <input_file_ref idref="fl-29"/>
      </object_component>
      <object_component id="oc-183">
         <name>SpicRegsFile</name>
         <uninitialized>true</uninitialized>
         <run_address>0x6120</run_address>
         <size>0x10</size>
         <input_file_ref idref="fl-29"/>
      </object_component>
      <object_component id="oc-16f">
         <name>SyncSocRegsFile</name>
         <uninitialized>true</uninitialized>
         <run_address>0x7940</run_address>
         <size>0x6</size>
         <input_file_ref idref="fl-29"/>
      </object_component>
      <object_component id="oc-1c0">
         <name>UppRegsFile</name>
         <uninitialized>true</uninitialized>
         <run_address>0x6200</run_address>
         <size>0x48</size>
         <input_file_ref idref="fl-29"/>
      </object_component>
      <object_component id="oc-1ab">
         <name>WdRegsFile</name>
         <uninitialized>true</uninitialized>
         <run_address>0x7000</run_address>
         <size>0x2b</size>
         <input_file_ref idref="fl-29"/>
      </object_component>
      <object_component id="oc-17a">
         <name>XbarRegsFile</name>
         <uninitialized>true</uninitialized>
         <run_address>0x7920</run_address>
         <size>0xe</size>
         <input_file_ref idref="fl-29"/>
      </object_component>
      <object_component id="oc-179">
         <name>XintRegsFile</name>
         <uninitialized>true</uninitialized>
         <run_address>0x7070</run_address>
         <size>0xb</size>
         <input_file_ref idref="fl-29"/>
      </object_component>
      <object_component id="oc-99">
         <name>.debug_info</name>
         <load_address>0x0</load_address>
         <run_address>0x0</run_address>
         <size>0x95a</size>
         <input_file_ref idref="fl-2"/>
      </object_component>
      <object_component id="oc-9e">
         <name>.debug_info</name>
         <load_address>0x95a</load_address>
         <run_address>0x95a</run_address>
         <size>0x1db7c</size>
         <input_file_ref idref="fl-3"/>
      </object_component>
      <object_component id="oc-a8">
         <name>.debug_info</name>
         <load_address>0x1e4d6</load_address>
         <run_address>0x1e4d6</run_address>
         <size>0xbfd</size>
         <input_file_ref idref="fl-4"/>
      </object_component>
      <object_component id="oc-ad">
         <name>.debug_info</name>
         <load_address>0x1f0d3</load_address>
         <run_address>0x1f0d3</run_address>
         <size>0x126cb</size>
         <input_file_ref idref="fl-5"/>
      </object_component>
      <object_component id="oc-b2">
         <name>.debug_info</name>
         <load_address>0x3179e</load_address>
         <run_address>0x3179e</run_address>
         <size>0x65cc</size>
         <input_file_ref idref="fl-6"/>
      </object_component>
      <object_component id="oc-b7">
         <name>.debug_info</name>
         <load_address>0x37d6a</load_address>
         <run_address>0x37d6a</run_address>
         <size>0x10fb</size>
         <input_file_ref idref="fl-7"/>
      </object_component>
      <object_component id="oc-be">
         <name>.debug_info</name>
         <load_address>0x38e65</load_address>
         <run_address>0x38e65</run_address>
         <size>0x1161</size>
         <input_file_ref idref="fl-8"/>
      </object_component>
      <object_component id="oc-c3">
         <name>.debug_info</name>
         <load_address>0x39fc6</load_address>
         <run_address>0x39fc6</run_address>
         <size>0x38a</size>
         <input_file_ref idref="fl-9"/>
      </object_component>
      <object_component id="oc-c8">
         <name>.debug_info</name>
         <load_address>0x3a350</load_address>
         <run_address>0x3a350</run_address>
         <size>0xfd4</size>
         <input_file_ref idref="fl-a"/>
      </object_component>
      <object_component id="oc-cd">
         <name>.debug_info</name>
         <load_address>0x3b324</load_address>
         <run_address>0x3b324</run_address>
         <size>0x47d</size>
         <input_file_ref idref="fl-b"/>
      </object_component>
      <object_component id="oc-d3">
         <name>.debug_info</name>
         <load_address>0x3b7a1</load_address>
         <run_address>0x3b7a1</run_address>
         <size>0x46e6</size>
         <input_file_ref idref="fl-c"/>
      </object_component>
      <object_component id="oc-db">
         <name>.debug_info</name>
         <load_address>0x3fe87</load_address>
         <run_address>0x3fe87</run_address>
         <size>0x11f</size>
         <input_file_ref idref="fl-d"/>
      </object_component>
      <object_component id="oc-de">
         <name>.debug_info</name>
         <load_address>0x3ffa6</load_address>
         <run_address>0x3ffa6</run_address>
         <size>0x80a</size>
         <input_file_ref idref="fl-e"/>
      </object_component>
      <object_component id="oc-e6">
         <name>.debug_info</name>
         <load_address>0x407b0</load_address>
         <run_address>0x407b0</run_address>
         <size>0xdf</size>
         <input_file_ref idref="fl-f"/>
      </object_component>
      <object_component id="oc-e9">
         <name>.debug_info</name>
         <load_address>0x4088f</load_address>
         <run_address>0x4088f</run_address>
         <size>0x3c79</size>
         <input_file_ref idref="fl-10"/>
      </object_component>
      <object_component id="oc-ef">
         <name>.debug_info</name>
         <load_address>0x44508</load_address>
         <run_address>0x44508</run_address>
         <size>0x4703</size>
         <input_file_ref idref="fl-11"/>
      </object_component>
      <object_component id="oc-f4">
         <name>.debug_info</name>
         <load_address>0x48c0b</load_address>
         <run_address>0x48c0b</run_address>
         <size>0x13e2b</size>
         <input_file_ref idref="fl-12"/>
      </object_component>
      <object_component id="oc-f9">
         <name>.debug_info</name>
         <load_address>0x5ca36</load_address>
         <run_address>0x5ca36</run_address>
         <size>0xf3b9</size>
         <input_file_ref idref="fl-13"/>
      </object_component>
      <object_component id="oc-fe">
         <name>.debug_info</name>
         <load_address>0x6bdef</load_address>
         <run_address>0x6bdef</run_address>
         <size>0xf3b9</size>
         <input_file_ref idref="fl-14"/>
      </object_component>
      <object_component id="oc-103">
         <name>.debug_info</name>
         <load_address>0x7b1a8</load_address>
         <run_address>0x7b1a8</run_address>
         <size>0x551d</size>
         <input_file_ref idref="fl-15"/>
      </object_component>
      <object_component id="oc-108">
         <name>.debug_info</name>
         <load_address>0x806c5</load_address>
         <run_address>0x806c5</run_address>
         <size>0x1a00e</size>
         <input_file_ref idref="fl-16"/>
      </object_component>
      <object_component id="oc-10d">
         <name>.debug_info</name>
         <load_address>0x9a6d3</load_address>
         <run_address>0x9a6d3</run_address>
         <size>0xf3b8</size>
         <input_file_ref idref="fl-17"/>
      </object_component>
      <object_component id="oc-112">
         <name>.debug_info</name>
         <load_address>0xa9a8b</load_address>
         <run_address>0xa9a8b</run_address>
         <size>0x1615</size>
         <input_file_ref idref="fl-18"/>
      </object_component>
      <object_component id="oc-117">
         <name>.debug_info</name>
         <load_address>0xab0a0</load_address>
         <run_address>0xab0a0</run_address>
         <size>0x1996</size>
         <input_file_ref idref="fl-19"/>
      </object_component>
      <object_component id="oc-122">
         <name>.debug_info</name>
         <load_address>0xaca36</load_address>
         <run_address>0xaca36</run_address>
         <size>0x48b4</size>
         <input_file_ref idref="fl-1a"/>
      </object_component>
      <object_component id="oc-127">
         <name>.debug_info</name>
         <load_address>0xb12ea</load_address>
         <run_address>0xb12ea</run_address>
         <size>0x17d39</size>
         <input_file_ref idref="fl-1b"/>
      </object_component>
      <object_component id="oc-12c">
         <name>.debug_info</name>
         <load_address>0xc9023</load_address>
         <run_address>0xc9023</run_address>
         <size>0x10c5b</size>
         <input_file_ref idref="fl-1c"/>
      </object_component>
      <object_component id="oc-131">
         <name>.debug_info</name>
         <load_address>0xd9c7e</load_address>
         <run_address>0xd9c7e</run_address>
         <size>0x3550</size>
         <input_file_ref idref="fl-1d"/>
      </object_component>
      <object_component id="oc-136">
         <name>.debug_info</name>
         <load_address>0xdd1ce</load_address>
         <run_address>0xdd1ce</run_address>
         <size>0x662b</size>
         <input_file_ref idref="fl-1e"/>
      </object_component>
      <object_component id="oc-13b">
         <name>.debug_info</name>
         <load_address>0xe37f9</load_address>
         <run_address>0xe37f9</run_address>
         <size>0x170</size>
         <input_file_ref idref="fl-1f"/>
      </object_component>
      <object_component id="oc-13d">
         <name>.debug_info</name>
         <load_address>0xe3969</load_address>
         <run_address>0xe3969</run_address>
         <size>0xfca0</size>
         <input_file_ref idref="fl-20"/>
      </object_component>
      <object_component id="oc-142">
         <name>.debug_info</name>
         <load_address>0xf3609</load_address>
         <run_address>0xf3609</run_address>
         <size>0xcca0</size>
         <input_file_ref idref="fl-21"/>
      </object_component>
      <object_component id="oc-147">
         <name>.debug_info</name>
         <load_address>0x1002a9</load_address>
         <run_address>0x1002a9</run_address>
         <size>0x4ec6</size>
         <input_file_ref idref="fl-22"/>
      </object_component>
      <object_component id="oc-14d">
         <name>.debug_info</name>
         <load_address>0x10516f</load_address>
         <run_address>0x10516f</run_address>
         <size>0x1095b</size>
         <input_file_ref idref="fl-23"/>
      </object_component>
      <object_component id="oc-152">
         <name>.debug_info</name>
         <load_address>0x115aca</load_address>
         <run_address>0x115aca</run_address>
         <size>0x29d1</size>
         <input_file_ref idref="fl-24"/>
      </object_component>
      <object_component id="oc-157">
         <name>.debug_info</name>
         <load_address>0x11849b</load_address>
         <run_address>0x11849b</run_address>
         <size>0x33f6</size>
         <input_file_ref idref="fl-25"/>
      </object_component>
      <object_component id="oc-15e">
         <name>.debug_info</name>
         <load_address>0x11b891</load_address>
         <run_address>0x11b891</run_address>
         <size>0x1f86</size>
         <input_file_ref idref="fl-26"/>
      </object_component>
      <object_component id="oc-163">
         <name>.debug_info</name>
         <load_address>0x11d817</load_address>
         <run_address>0x11d817</run_address>
         <size>0x1042a</size>
         <input_file_ref idref="fl-27"/>
      </object_component>
      <object_component id="oc-167">
         <name>.debug_info</name>
         <load_address>0x12dc41</load_address>
         <run_address>0x12dc41</run_address>
         <size>0xe2</size>
         <input_file_ref idref="fl-28"/>
      </object_component>
      <object_component id="oc-16a">
         <name>.debug_info</name>
         <load_address>0x12dd23</load_address>
         <run_address>0x12dd23</run_address>
         <size>0x57421</size>
         <input_file_ref idref="fl-29"/>
      </object_component>
      <object_component id="oc-1e3">
         <name>.debug_info</name>
         <load_address>0x185144</load_address>
         <run_address>0x185144</run_address>
         <size>0x173</size>
         <input_file_ref idref="fl-3a"/>
      </object_component>
      <object_component id="oc-1e8">
         <name>.debug_info</name>
         <load_address>0x1852b7</load_address>
         <run_address>0x1852b7</run_address>
         <size>0x114</size>
         <input_file_ref idref="fl-3b"/>
      </object_component>
      <object_component id="oc-1ed">
         <name>.debug_info</name>
         <load_address>0x1853cb</load_address>
         <run_address>0x1853cb</run_address>
         <size>0x176</size>
         <input_file_ref idref="fl-3c"/>
      </object_component>
      <object_component id="oc-1f1">
         <name>.debug_info</name>
         <load_address>0x185541</load_address>
         <run_address>0x185541</run_address>
         <size>0x561</size>
         <input_file_ref idref="fl-3d"/>
      </object_component>
      <object_component id="oc-1f6">
         <name>.debug_info</name>
         <load_address>0x185aa2</load_address>
         <run_address>0x185aa2</run_address>
         <size>0x43a</size>
         <input_file_ref idref="fl-3e"/>
      </object_component>
      <object_component id="oc-1fb">
         <name>.debug_info</name>
         <load_address>0x185edc</load_address>
         <run_address>0x185edc</run_address>
         <size>0x3ad</size>
         <input_file_ref idref="fl-3f"/>
      </object_component>
      <object_component id="oc-200">
         <name>.debug_info</name>
         <load_address>0x186289</load_address>
         <run_address>0x186289</run_address>
         <size>0x3aa</size>
         <input_file_ref idref="fl-40"/>
      </object_component>
      <object_component id="oc-205">
         <name>.debug_info</name>
         <load_address>0x186633</load_address>
         <run_address>0x186633</run_address>
         <size>0x544</size>
         <input_file_ref idref="fl-41"/>
      </object_component>
      <object_component id="oc-20c">
         <name>.debug_info</name>
         <load_address>0x186b77</load_address>
         <run_address>0x186b77</run_address>
         <size>0x4cc</size>
         <input_file_ref idref="fl-42"/>
      </object_component>
      <object_component id="oc-211">
         <name>.debug_info</name>
         <load_address>0x187043</load_address>
         <run_address>0x187043</run_address>
         <size>0x467</size>
         <input_file_ref idref="fl-43"/>
      </object_component>
      <object_component id="oc-216">
         <name>.debug_info</name>
         <load_address>0x1874aa</load_address>
         <run_address>0x1874aa</run_address>
         <size>0x376</size>
         <input_file_ref idref="fl-44"/>
      </object_component>
      <object_component id="oc-21b">
         <name>.debug_info</name>
         <load_address>0x187820</load_address>
         <run_address>0x187820</run_address>
         <size>0x45d</size>
         <input_file_ref idref="fl-45"/>
      </object_component>
      <object_component id="oc-2e9">
         <name>.debug_info</name>
         <load_address>0x187c7d</load_address>
         <run_address>0x187c7d</run_address>
         <size>0x8e</size>
      </object_component>
      <object_component id="oc-9a">
         <name>.debug_frame</name>
         <load_address>0x0</load_address>
         <run_address>0x0</run_address>
         <size>0x1c0</size>
         <input_file_ref idref="fl-2"/>
      </object_component>
      <object_component id="oc-a4">
         <name>.debug_frame</name>
         <load_address>0x1c0</load_address>
         <run_address>0x1c0</run_address>
         <size>0x268</size>
         <input_file_ref idref="fl-3"/>
      </object_component>
      <object_component id="oc-a9">
         <name>.debug_frame</name>
         <load_address>0x428</load_address>
         <run_address>0x428</run_address>
         <size>0xc8</size>
         <input_file_ref idref="fl-4"/>
      </object_component>
      <object_component id="oc-ae">
         <name>.debug_frame</name>
         <load_address>0x4f0</load_address>
         <run_address>0x4f0</run_address>
         <size>0x94</size>
         <input_file_ref idref="fl-5"/>
      </object_component>
      <object_component id="oc-b3">
         <name>.debug_frame</name>
         <load_address>0x584</load_address>
         <run_address>0x584</run_address>
         <size>0x28</size>
         <input_file_ref idref="fl-6"/>
      </object_component>
      <object_component id="oc-ba">
         <name>.debug_frame</name>
         <load_address>0x5ac</load_address>
         <run_address>0x5ac</run_address>
         <size>0x28</size>
         <input_file_ref idref="fl-7"/>
      </object_component>
      <object_component id="oc-bf">
         <name>.debug_frame</name>
         <load_address>0x5d4</load_address>
         <run_address>0x5d4</run_address>
         <size>0x178</size>
         <input_file_ref idref="fl-8"/>
      </object_component>
      <object_component id="oc-c4">
         <name>.debug_frame</name>
         <load_address>0x74c</load_address>
         <run_address>0x74c</run_address>
         <size>0x28</size>
         <input_file_ref idref="fl-9"/>
      </object_component>
      <object_component id="oc-c9">
         <name>.debug_frame</name>
         <load_address>0x774</load_address>
         <run_address>0x774</run_address>
         <size>0x1cc</size>
         <input_file_ref idref="fl-a"/>
      </object_component>
      <object_component id="oc-cf">
         <name>.debug_frame</name>
         <load_address>0x940</load_address>
         <run_address>0x940</run_address>
         <size>0x28</size>
         <input_file_ref idref="fl-b"/>
      </object_component>
      <object_component id="oc-d4">
         <name>.debug_frame</name>
         <load_address>0x968</load_address>
         <run_address>0x968</run_address>
         <size>0x28</size>
         <input_file_ref idref="fl-c"/>
      </object_component>
      <object_component id="oc-e0">
         <name>.debug_frame</name>
         <load_address>0x990</load_address>
         <run_address>0x990</run_address>
         <size>0x28</size>
         <input_file_ref idref="fl-e"/>
      </object_component>
      <object_component id="oc-eb">
         <name>.debug_frame</name>
         <load_address>0x9b8</load_address>
         <run_address>0x9b8</run_address>
         <size>0x11d0</size>
         <input_file_ref idref="fl-10"/>
      </object_component>
      <object_component id="oc-f0">
         <name>.debug_frame</name>
         <load_address>0x1b88</load_address>
         <run_address>0x1b88</run_address>
         <size>0x28</size>
         <input_file_ref idref="fl-11"/>
      </object_component>
      <object_component id="oc-f5">
         <name>.debug_frame</name>
         <load_address>0x1bb0</load_address>
         <run_address>0x1bb0</run_address>
         <size>0x28</size>
         <input_file_ref idref="fl-12"/>
      </object_component>
      <object_component id="oc-fa">
         <name>.debug_frame</name>
         <load_address>0x1bd8</load_address>
         <run_address>0x1bd8</run_address>
         <size>0x28</size>
         <input_file_ref idref="fl-13"/>
      </object_component>
      <object_component id="oc-ff">
         <name>.debug_frame</name>
         <load_address>0x1c00</load_address>
         <run_address>0x1c00</run_address>
         <size>0x28</size>
         <input_file_ref idref="fl-14"/>
      </object_component>
      <object_component id="oc-104">
         <name>.debug_frame</name>
         <load_address>0x1c28</load_address>
         <run_address>0x1c28</run_address>
         <size>0x28</size>
         <input_file_ref idref="fl-15"/>
      </object_component>
      <object_component id="oc-109">
         <name>.debug_frame</name>
         <load_address>0x1c50</load_address>
         <run_address>0x1c50</run_address>
         <size>0x1a8</size>
         <input_file_ref idref="fl-16"/>
      </object_component>
      <object_component id="oc-10e">
         <name>.debug_frame</name>
         <load_address>0x1df8</load_address>
         <run_address>0x1df8</run_address>
         <size>0x28</size>
         <input_file_ref idref="fl-17"/>
      </object_component>
      <object_component id="oc-113">
         <name>.debug_frame</name>
         <load_address>0x1e20</load_address>
         <run_address>0x1e20</run_address>
         <size>0x28</size>
         <input_file_ref idref="fl-18"/>
      </object_component>
      <object_component id="oc-11e">
         <name>.debug_frame</name>
         <load_address>0x1e48</load_address>
         <run_address>0x1e48</run_address>
         <size>0x28</size>
         <input_file_ref idref="fl-19"/>
      </object_component>
      <object_component id="oc-123">
         <name>.debug_frame</name>
         <load_address>0x1e70</load_address>
         <run_address>0x1e70</run_address>
         <size>0x28</size>
         <input_file_ref idref="fl-1a"/>
      </object_component>
      <object_component id="oc-128">
         <name>.debug_frame</name>
         <load_address>0x1e98</load_address>
         <run_address>0x1e98</run_address>
         <size>0x28</size>
         <input_file_ref idref="fl-1b"/>
      </object_component>
      <object_component id="oc-12d">
         <name>.debug_frame</name>
         <load_address>0x1ec0</load_address>
         <run_address>0x1ec0</run_address>
         <size>0x210</size>
         <input_file_ref idref="fl-1c"/>
      </object_component>
      <object_component id="oc-132">
         <name>.debug_frame</name>
         <load_address>0x20d0</load_address>
         <run_address>0x20d0</run_address>
         <size>0x58</size>
         <input_file_ref idref="fl-1d"/>
      </object_component>
      <object_component id="oc-137">
         <name>.debug_frame</name>
         <load_address>0x2128</load_address>
         <run_address>0x2128</run_address>
         <size>0x28</size>
         <input_file_ref idref="fl-1e"/>
      </object_component>
      <object_component id="oc-13e">
         <name>.debug_frame</name>
         <load_address>0x2150</load_address>
         <run_address>0x2150</run_address>
         <size>0x28</size>
         <input_file_ref idref="fl-20"/>
      </object_component>
      <object_component id="oc-143">
         <name>.debug_frame</name>
         <load_address>0x2178</load_address>
         <run_address>0x2178</run_address>
         <size>0x238</size>
         <input_file_ref idref="fl-21"/>
      </object_component>
      <object_component id="oc-149">
         <name>.debug_frame</name>
         <load_address>0x23b0</load_address>
         <run_address>0x23b0</run_address>
         <size>0x28</size>
         <input_file_ref idref="fl-22"/>
      </object_component>
      <object_component id="oc-14e">
         <name>.debug_frame</name>
         <load_address>0x23d8</load_address>
         <run_address>0x23d8</run_address>
         <size>0x28</size>
[...]
      <symbol id="sm-6de">
         <name>_Cmpss6Regs</name>
         <value>0x5d20</value>
         <object_component_ref idref="oc-196"/>
      </symbol>
      <symbol id="sm-6df">
         <name>_ClkCfgRegs</name>
         <value>0x5d200</value>
         <object_component_ref idref="oc-1ae"/>
      </symbol>
      <symbol id="sm-6e0">
         <name>_XbarRegs</name>
         <value>0x7920</value>
         <object_component_ref idref="oc-17a"/>
      </symbol>
      <symbol id="sm-6e1">
         <name>_Clb3DataExchRegs</name>
         <value>0x3a00</value>
         <object_component_ref idref="oc-1d8"/>
      </symbol>
      <symbol id="sm-6e2">
         <name>_RomWaitStateRegs</name>
         <value>0x5f540</value>
         <object_component_ref idref="oc-16d"/>
      </symbol>
      <symbol id="sm-6e3">
         <name>_AdcdRegs</name>
         <value>0x7580</value>
         <object_component_ref idref="oc-1c6"/>
      </symbol>
      <symbol id="sm-6e4">
         <name>_ScidRegs</name>
         <value>0x7230</value>
         <object_component_ref idref="oc-17f"/>
      </symbol>
      <symbol id="sm-6e5">
         <name>_ECap4Regs</name>
         <value>0x5060</value>
         <object_component_ref idref="oc-18d"/>
      </symbol>
      <symbol id="sm-6e6">
         <name>_Flash0EccRegs</name>
         <value>0x5fb00</value>
         <object_component_ref idref="oc-1aa"/>
      </symbol>
      <symbol id="sm-6e7">
         <name>_IpcRegs</name>
         <value>0x50000</value>
         <object_component_ref idref="oc-1a4"/>
      </symbol>
      <symbol id="sm-6e8">
         <name>_Clb2LogicCfgRegs</name>
         <value>0x3400</value>
         <object_component_ref idref="oc-1b3"/>
      </symbol>
      <symbol id="sm-6e9">
         <name>_Clb2LogicCtrlRegs</name>
         <value>0x3500</value>
         <object_component_ref idref="oc-1b7"/>
      </symbol>
      <symbol id="sm-6ea">
         <name>_InputXbarRegs</name>
         <value>0x7900</value>
         <object_component_ref idref="oc-199"/>
      </symbol>
      <symbol id="sm-6eb">
         <name>_EPwmXbarRegs</name>
         <value>0x7a00</value>
         <object_component_ref idref="oc-1bb"/>
      </symbol>
      <symbol id="sm-6ec">
         <name>_Cmpss7Regs</name>
         <value>0x5d40</value>
         <object_component_ref idref="oc-197"/>
      </symbol>
      <symbol id="sm-6ed">
         <name>_DcsmZ2Regs</name>
         <value>0x5f040</value>
         <object_component_ref idref="oc-19c"/>
      </symbol>
      <symbol id="sm-6ee">
         <name>_EPwm4Regs</name>
         <value>0x4300</value>
         <object_component_ref idref="oc-1cd"/>
      </symbol>
      <symbol id="sm-6ef">
         <name>_FlashPumpSemaphoreRegs</name>
         <value>0x50024</value>
         <object_component_ref idref="oc-16b"/>
      </symbol>
      <symbol id="sm-6f0">
         <name>_ECap5Regs</name>
         <value>0x5080</value>
         <object_component_ref idref="oc-18e"/>
      </symbol>
      <symbol id="sm-6f1">
         <name>_I2cbRegs</name>
         <value>0x7340</value>
         <object_component_ref idref="oc-1a3"/>
      </symbol>
      <symbol id="sm-6f2">
         <name>_CpuTimer1Regs</name>
         <value>0xc08</value>
         <object_component_ref idref="oc-175"/>
      </symbol>
      <symbol id="sm-6f3">
         <name>_RomPrefetchRegs</name>
         <value>0x5e608</value>
         <object_component_ref idref="oc-16c"/>
      </symbol>
      <symbol id="sm-6f4">
         <name>_Clb4LogicCtrlRegs</name>
         <value>0x3d00</value>
         <object_component_ref idref="oc-1b9"/>
      </symbol>
      <symbol id="sm-6f5">
         <name>_Cmpss4Regs</name>
         <value>0x5ce0</value>
         <object_component_ref idref="oc-194"/>
      </symbol>
      <symbol id="sm-6f6">
         <name>_Clb1DataExchRegs</name>
         <value>0x3200</value>
         <object_component_ref idref="oc-1d6"/>
      </symbol>
      <symbol id="sm-6f7">
         <name>_EPwm5Regs</name>
         <value>0x4400</value>
         <object_component_ref idref="oc-1ce"/>
      </symbol>
      <symbol id="sm-6f8">
         <name>_UppRegs</name>
         <value>0x6200</value>
         <object_component_ref idref="oc-1c0"/>
      </symbol>
      <symbol id="sm-6f9">
         <name>_SpiaRegs</name>
         <value>0x6100</value>
         <object_component_ref idref="oc-180"/>
      </symbol>
      <symbol id="sm-6fa">
         <name>_CpuSysRegs</name>
         <value>0x5d300</value>
         <object_component_ref idref="oc-1c7"/>
      </symbol>
      <symbol id="sm-6fb">
         <name>_CanbRegs</name>
         <value>0x4a000</value>
         <object_component_ref idref="oc-1dc"/>
      </symbol>
      <symbol id="sm-6fc">
         <name>_ECap6Regs</name>
         <value>0x50a0</value>
         <object_component_ref idref="oc-18f"/>
      </symbol>
      <symbol id="sm-6fd">
         <name>_ClbXbarRegs</name>
         <value>0x7a40</value>
         <object_component_ref idref="oc-1ba"/>
      </symbol>
      <symbol id="sm-6fe">
         <name>_DmaRegs</name>
         <value>0x1000</value>
         <object_component_ref idref="oc-1c8"/>
      </symbol>
      <symbol id="sm-6ff">
         <name>_XintRegs</name>
         <value>0x7070</value>
         <object_component_ref idref="oc-179"/>
      </symbol>
      <symbol id="sm-700">
         <name>_CpuTimer0Regs</name>
         <value>0xc00</value>
         <object_component_ref idref="oc-174"/>
      </symbol>
      <symbol id="sm-701">
         <name>_Cmpss5Regs</name>
         <value>0x5d00</value>
         <object_component_ref idref="oc-195"/>
      </symbol>
      <symbol id="sm-702">
         <name>_Emif1Regs</name>
         <value>0x47000</value>
         <object_component_ref idref="oc-1a8"/>
      </symbol>
      <symbol id="sm-703">
         <name>_AccessProtectionRegs</name>
         <value>0x5f4c0</value>
         <object_component_ref idref="oc-1ac"/>
      </symbol>
      <symbol id="sm-704">
         <name>_MemCfgRegs</name>
         <value>0x5f400</value>
         <object_component_ref idref="oc-1c1"/>
      </symbol>
      <symbol id="sm-705">
         <name>_DacaRegs</name>
         <value>0x5c00</value>
         <object_component_ref idref="oc-170"/>
      </symbol>
      <symbol id="sm-706">
         <name>_McbspbRegs</name>
         <value>0x6040</value>
         <object_component_ref idref="oc-1a7"/>
      </symbol>
      <symbol id="sm-707">
         <name>_EPwm6Regs</name>
         <value>0x4500</value>
         <object_component_ref idref="oc-1cf"/>
      </symbol>
      <symbol id="sm-708">
         <name>_AdcaRegs</name>
         <value>0x7400</value>
         <object_component_ref idref="oc-1c2"/>
      </symbol>
      <symbol id="sm-709">
         <name>_SciaRegs</name>
         <value>0x7200</value>
         <object_component_ref idref="oc-17b"/>
      </symbol>
      <symbol id="sm-70a">
         <name>_EPwm11Regs</name>
         <value>0x4a00</value>
         <object_component_ref idref="oc-1d4"/>
      </symbol>
      <symbol id="sm-70b">
         <name>_GpioDataRegs</name>
         <value>0x7f00</value>
         <object_component_ref idref="oc-1ad"/>
      </symbol>
      <symbol id="sm-70c">
         <name>_Sdfm1Regs</name>
         <value>0x5e00</value>
         <object_component_ref idref="oc-1bd"/>
      </symbol>
      <symbol id="sm-70d">
         <name>_Cmpss2Regs</name>
         <value>0x5ca0</value>
         <object_component_ref idref="oc-192"/>
      </symbol>
      <symbol id="sm-70e">
         <name>_Emif2Regs</name>
         <value>0x47800</value>
         <object_component_ref idref="oc-1a9"/>
      </symbol>
      <symbol id="sm-70f">
         <name>_DcsmZ1Regs</name>
         <value>0x5f000</value>
         <object_component_ref idref="oc-19b"/>
      </symbol>
      <symbol id="sm-710">
         <name>_Flash0CtrlRegs</name>
         <value>0x5f800</value>
         <object_component_ref idref="oc-1de"/>
      </symbol>
      <symbol id="sm-711">
         <name>_EPwm7Regs</name>
         <value>0x4600</value>
         <object_component_ref idref="oc-1d0"/>
      </symbol>
      <symbol id="sm-712">
         <name>_SpicRegs</name>
         <value>0x6120</value>
         <object_component_ref idref="oc-183"/>
      </symbol>
      <symbol id="sm-713">
         <name>_Clb4DataExchRegs</name>
         <value>0x3e00</value>
         <object_component_ref idref="oc-1d9"/>
      </symbol>
      <symbol id="sm-714">
         <name>_EPwm10Regs</name>
         <value>0x4900</value>
         <object_component_ref idref="oc-1d3"/>
      </symbol>
      <symbol id="sm-715">
         <name>_CpuTimer2Regs</name>
         <value>0xc10</value>
         <object_component_ref idref="oc-176"/>
      </symbol>
      <symbol id="sm-716">
         <name>_Clb3LogicCfgRegs</name>
         <value>0x3800</value>
         <object_component_ref idref="oc-1b4"/>
      </symbol>
      <symbol id="sm-717">
         <name>_DmaClaSrcSelRegs</name>
         <value>0x7980</value>
         <object_component_ref idref="oc-188"/>
      </symbol>
      <symbol id="sm-718">
         <name>_AnalogSubsysRegs</name>
         <value>0x5d180</value>
         <object_component_ref idref="oc-1b0"/>
      </symbol>
      <symbol id="sm-719">
         <name>_Cmpss3Regs</name>
         <value>0x5cc0</value>
         <object_component_ref idref="oc-193"/>
      </symbol>
      <symbol id="sm-71a">
         <name>_DaccRegs</name>
         <value>0x5c20</value>
         <object_component_ref idref="oc-172"/>
      </symbol>
      <symbol id="sm-71b">
         <name>_PieCtrlRegs</name>
         <value>0xce0</value>
         <object_component_ref idref="oc-190"/>
      </symbol>
      <symbol id="sm-71c">
         <name>_DevCfgRegs</name>
         <value>0x5d000</value>
         <object_component_ref idref="oc-1da"/>
      </symbol>
      <symbol id="sm-71d">
         <name>_SpibRegs</name>
         <value>0x6110</value>
         <object_component_ref idref="oc-182"/>
      </symbol>
      <symbol id="sm-71e">
         <name>_Clb1LogicCtrlRegs</name>
         <value>0x3100</value>
         <object_component_ref idref="oc-1b6"/>
      </symbol>
      <symbol id="sm-71f">
         <name>_AdccRegs</name>
         <value>0x7500</value>
         <object_component_ref idref="oc-1c5"/>
      </symbol>
      <symbol id="sm-720">
         <name>_ScicRegs</name>
         <value>0x7220</value>
         <object_component_ref idref="oc-17e"/>
      </symbol>
      <symbol id="sm-721">
         <name>_ECap1Regs</name>
         <value>0x5000</value>
         <object_component_ref idref="oc-189"/>
      </symbol>
      <symbol id="sm-722">
         <name>_OutputXbarRegs</name>
         <value>0x7a80</value>
         <object_component_ref idref="oc-1bc"/>
      </symbol>
      <symbol id="sm-723">
         <name>_MemoryErrorRegs</name>
         <value>0x5f500</value>
         <object_component_ref idref="oc-1af"/>
      </symbol>
      <symbol id="sm-724">
         <name>_Cla1Regs</name>
         <value>0x1400</value>
         <object_component_ref idref="oc-1b1"/>
      </symbol>
      <symbol id="sm-725">
         <name>_EQep1Regs</name>
         <value>0x5100</value>
         <object_component_ref idref="oc-19d"/>
      </symbol>
      <symbol id="sm-726">
         <name>_DacbRegs</name>
         <value>0x5c10</value>
         <object_component_ref idref="oc-171"/>
      </symbol>
      <symbol id="sm-727">
         <name>_Clb2DataExchRegs</name>
         <value>0x3600</value>
         <object_component_ref idref="oc-1d7"/>
      </symbol>
      <symbol id="sm-728">
         <name>_Clb4LogicCfgRegs</name>
         <value>0x3c00</value>
         <object_component_ref idref="oc-1b5"/>
      </symbol>
      <symbol id="sm-729">
         <name>_McbspaRegs</name>
         <value>0x6000</value>
         <object_component_ref idref="oc-1a5"/>
      </symbol>
      <symbol id="sm-72a">
         <name>_EPwm1Regs</name>
         <value>0x4000</value>
         <object_component_ref idref="oc-1c9"/>
      </symbol>
      <symbol id="sm-72b">
         <name>_Clb3LogicCtrlRegs</name>
         <value>0x3900</value>
         <object_component_ref idref="oc-1b8"/>
      </symbol>
      <symbol id="sm-72c">
         <name>_AdcbRegs</name>
         <value>0x7480</value>
         <object_component_ref idref="oc-1c4"/>
      </symbol>
      <symbol id="sm-72d">
         <name>_ScibRegs</name>
         <value>0x7210</value>
         <object_component_ref idref="oc-17d"/>
      </symbol>
      <symbol id="sm-72e">
         <name>_AdcaResultRegs</name>
         <value>0xb00</value>
         <object_component_ref idref="oc-184"/>
      </symbol>
      <symbol id="sm-72f">
         <name>_ECap2Regs</name>
         <value>0x5020</value>
         <object_component_ref idref="oc-18b"/>
      </symbol>
      <symbol id="sm-730">
         <name>_EPwm12Regs</name>
         <value>0x4b00</value>
         <object_component_ref idref="oc-1d5"/>
      </symbol>
      <symbol id="sm-731">
         <name>_AdcbResultRegs</name>
         <value>0xb20</value>
         <object_component_ref idref="oc-185"/>
      </symbol>
      <symbol id="sm-732">
         <name>_Clb1LogicCfgRegs</name>
         <value>0x3000</value>
         <object_component_ref idref="oc-1b2"/>
      </symbol>
      <symbol id="sm-733">
         <name>_AdccResultRegs</name>
         <value>0xb40</value>
         <object_component_ref idref="oc-186"/>
      </symbol>
      <symbol id="sm-734">
         <name>_Emif1ConfigRegs</name>
         <value>0x5f480</value>
         <object_component_ref idref="oc-177"/>
      </symbol>
      <symbol id="sm-735">
         <name>_Sdfm2Regs</name>
         <value>0x5e80</value>
         <object_component_ref idref="oc-1bf"/>
      </symbol>
      <symbol id="sm-736">
         <name>_AdcdResultRegs</name>
         <value>0xb60</value>
         <object_component_ref idref="oc-187"/>
      </symbol>
      <symbol id="sm-737">
         <name>_EQep2Regs</name>
         <value>0x5140</value>
         <object_component_ref idref="oc-19f"/>
      </symbol>
      <symbol id="sm-738">
         <name>_Cmpss1Regs</name>
         <value>0x5c80</value>
         <object_component_ref idref="oc-191"/>
      </symbol>
      <symbol id="sm-739">
         <name>_EPwm8Regs</name>
         <value>0x4700</value>
         <object_component_ref idref="oc-1d1"/>
      </symbol>
      <symbol id="sm-73a">
         <name>_Emif2ConfigRegs</name>
         <value>0x5f4a0</value>
         <object_component_ref idref="oc-178"/>
      </symbol>
      <symbol id="sm-73b">
         <name>_DcsmCommonRegs</name>
         <value>0x5f070</value>
         <object_component_ref idref="oc-16e"/>
      </symbol>
      <symbol id="sm-73c">
         <name>_EPwm2Regs</name>
         <value>0x4100</value>
         <object_component_ref idref="oc-1cb"/>
      </symbol>
      <symbol id="sm-73d">
         <name>_ECap3Regs</name>
         <value>0x5040</value>
         <object_component_ref idref="oc-18c"/>
      </symbol>
      <symbol id="sm-73e">
         <name>_Cmpss8Regs</name>
         <value>0x5d60</value>
         <object_component_ref idref="oc-198"/>
      </symbol>
      <symbol id="sm-73f">
         <name>_EQep3Regs</name>
         <value>0x5180</value>
         <object_component_ref idref="oc-1a0"/>
      </symbol>
      <symbol id="sm-740">
         <name>_SyncSocRegs</name>
         <value>0x7940</value>
         <object_component_ref idref="oc-16f"/>
      </symbol>
      <symbol id="sm-741">
         <name>_EPwm9Regs</name>
         <value>0x4800</value>
         <object_component_ref idref="oc-1d2"/>
      </symbol>
      <symbol id="sm-742">
         <name>_NmiIntruptRegs</name>
         <value>0x7060</value>
         <object_component_ref idref="oc-173"/>
      </symbol>
      <symbol id="sm-743">
         <name>_EPwm3Regs</name>
         <value>0x4200</value>
         <object_component_ref idref="oc-1cc"/>
      </symbol>
      <symbol id="sm-744">
         <name>_I2caRegs</name>
         <value>0x7300</value>
         <object_component_ref idref="oc-1a1"/>
      </symbol>
      <symbol id="sm-75f">
         <name>_c_int00</name>
         <value>0x942b</value>
         <object_component_ref idref="oc-98"/>
      </symbol>
      <symbol id="sm-760">
         <name>__stack</name>
         <value>0x400</value>
         <object_component_ref idref="oc-1e1"/>
      </symbol>
      <symbol id="sm-771">
         <name>FS$$DIV</name>
         <value>0x93a3</value>
         <object_component_ref idref="oc-1e7"/>
      </symbol>
      <symbol id="sm-77d">
         <name>LL$$AND</name>
         <value>0x952c</value>
         <object_component_ref idref="oc-1ec"/>
      </symbol>
      <symbol id="sm-77e">
         <name>LL$$OR</name>
         <value>0x9534</value>
         <object_component_ref idref="oc-1ec"/>
      </symbol>
      <symbol id="sm-77f">
         <name>LL$$XOR</name>
         <value>0x953c</value>
         <object_component_ref idref="oc-1ec"/>
      </symbol>
      <symbol id="sm-78e">
         <name>_copy_in</name>
         <value>0x94eb</value>
         <object_component_ref idref="oc-223"/>
      </symbol>
      <symbol id="sm-79f">
         <name>_memcpy</name>
         <value>0x950f</value>
         <object_component_ref idref="oc-232"/>
      </symbol>
      <symbol id="sm-7ab">
         <name>__system_pre_init</name>
         <value>0xb7fe</value>
         <object_component_ref idref="oc-222"/>
      </symbol>
      <symbol id="sm-7b8">
         <name>__system_post_cinit</name>
         <value>0x87fb</value>
         <object_component_ref idref="oc-224"/>
      </symbol>
      <symbol id="sm-7cc">
         <name>C$$EXIT</name>
         <value>0x87c9</value>
         <object_component_ref idref="oc-226"/>
      </symbol>
      <symbol id="sm-7cd">
         <name>_exit</name>
         <value>0x87cb</value>
         <object_component_ref idref="oc-226"/>
      </symbol>
      <symbol id="sm-7ce">
         <name>___TI_cleanup_ptr</name>
         <value>0xab08</value>
         <object_component_ref idref="oc-207"/>
      </symbol>
      <symbol id="sm-7cf">
         <name>___TI_enable_exit_profile_output</name>
         <value>0xab06</value>
         <object_component_ref idref="oc-207"/>
      </symbol>
      <symbol id="sm-7d0">
         <name>_abort</name>
         <value>0x87c9</value>
         <object_component_ref idref="oc-226"/>
      </symbol>
      <symbol id="sm-7d1">
         <name>___TI_dtors_ptr</name>
         <value>0xab0a</value>
         <object_component_ref idref="oc-207"/>
      </symbol>
      <symbol id="sm-7e5">
         <name>__unlock</name>
         <value>0xab16</value>
         <object_component_ref idref="oc-236"/>
      </symbol>
      <symbol id="sm-7e6">
         <name>__lock</name>
         <value>0xab14</value>
         <object_component_ref idref="oc-234"/>
      </symbol>
      <symbol id="sm-7e7">
         <name>__register_lock</name>
         <value>0x87f6</value>
         <object_component_ref idref="oc-241"/>
      </symbol>
      <symbol id="sm-7e8">
         <name>__nop</name>
         <value>0x87fa</value>
         <object_component_ref idref="oc-241"/>
      </symbol>
      <symbol id="sm-7e9">
         <name>__register_unlock</name>
         <value>0x87f2</value>
         <object_component_ref idref="oc-241"/>
      </symbol>
      <symbol id="sm-7f8">
         <name>__args_main</name>
         <value>0x9544</value>
         <object_component_ref idref="oc-225"/>
      </symbol>
      <symbol id="sm-812">
         <name>_rand</name>
         <value>0xb7de</value>
         <object_component_ref idref="oc-227"/>
      </symbol>
      <symbol id="sm-813">
         <name>_srand</name>
         <value>0xb7ce</value>
         <object_component_ref idref="oc-227"/>
      </symbol>
   </symbol_table>
   <title>Link successful</title>
</link_info>
